Copyright 1986-2022 Xilinx, Inc. All Rights Reserved. Copyright 2022-2024 Advanced Micro Devices, Inc. All Rights Reserved.
------------------------------------------------------------------------------------------------------------------------------------------------------------------------------
| Tool Version : Vivado v.2024.1.2 (win64) Build 5164865 Thu Sep  5 14:37:11 MDT 2024
| Date         : Thu Nov  7 08:54:02 2024
| Host         : DESKTOP-GTUF0U5 running 64-bit major release  (build 9200)
| Command      : report_bus_skew -warn_on_violation -file lab_6_top_level_bus_skew_routed.rpt -pb lab_6_top_level_bus_skew_routed.pb -rpx lab_6_top_level_bus_skew_routed.rpx
| Design       : lab_6_top_level
| Device       : 7a35t-cpg236
| Speed File   : -1  PRODUCTION 1.23 2018-06-13
| Design State : Routed
------------------------------------------------------------------------------------------------------------------------------------------------------------------------------

Bus Skew Report

No bus skew constraints

