#-----------------------------------------------------------
# Vivado v2024.1.2 (64-bit)
# SW Build 5164865 on Thu Sep  5 14:37:11 MDT 2024
# IP Build 5164407 on Fri Sep  6 08:18:11 MDT 2024
# SharedData Build 5164864 on Thu Sep 05 13:09:09 MDT 2024
# Start of session at: Wed Nov 13 22:05:51 2024
# Process ID: 4820
# Current directory: C:/Users/User/453Labs/453_final/453_final.runs/impl_1
# Command line: vivado.exe -log lab_6_top_level.vdi -applog -product Vivado -messageDb vivado.pb -mode batch -source lab_6_top_level.tcl -notrace
# Log file: C:/Users/User/453Labs/453_final/453_final.runs/impl_1/lab_6_top_level.vdi
# Journal file: C:/Users/User/453Labs/453_final/453_final.runs/impl_1\vivado.jou
# Running On        :DESKTOP-GTUF0U5
# Platform          :Windows Server 2016 or Windows 10
# Operating System  :22000
# Processor Detail  :Intel(R) Core(TM) i5-6200U CPU @ 2.30GHz
# CPU Frequency     :2400 MHz
# CPU Physical cores:2
# CPU Logical cores :4
# Host memory       :8491 MB
# Swap memory       :3758 MB
# Total Virtual     :12249 MB
# Available Virtual :3995 MB
#-----------------------------------------------------------
source lab_6_top_level.tcl -notrace
